
> assessment-core@0.0.1 build
> vite build

[36mvite v6.3.5 [32mbuilding for production...[36m[39m
transforming...
[32mΓ£ô[39m 42 modules transformed.
node.exe : 
[31mΓ£ù[39m Build 
failed in 3.09s
At C:\Program Files\nod
ejs\npm.ps1:29 char:3
+   & $NODE_EXE 
$NPM_CLI_JS $args
+   ~~~~~~~~~~~~~~~~~~~
~~~~~~~~~~
    + CategoryInfo     
         : NotSpecifi  
  ed: ([31mΓ£ù[39m   
  Build failed in 3    
.09s:String) [], R    
emoteException
    + FullyQualifiedEr 
   rorId : NativeComm  
  andError
 
[31merror during 
build:
[31mCould not resolve 
"../../contexts/AuthCon
text" from "src/app/pag
es/workspace/BatchCreat
or.tsx"[31m
file: [36mC:/Users/kri
sh/Downloads/AC/src/app
/pages/workspace/BatchC
reator.tsx[31m
    at getRollupError (
file:///C:/Users/krish/
Downloads/AC/node_modul
es/rollup/dist/es/share
d/parseAst.js:402:41)
    at error (file:///C
:/Users/krish/Downloads
/AC/node_modules/rollup
/dist/es/shared/parseAs
t.js:398:42)
    at ModuleLoader.han
dleInvalidResolvedId (f
ile:///C:/Users/krish/D
ownloads/AC/node_module
s/rollup/dist/es/shared
/node-entry.js:21710:24
)
    at file:///C:/Users
/krish/Downloads/AC/nod
e_modules/rollup/dist/e
s/shared/node-entry.js:
21670:26[39m
